// Jest Snapshot v1, https://goo.gl/fbAQLP

exports[`detailMarket.vue snapshot 1`] = `
<div>
  <h5>
    Max Market Cap
  </h5>
   
  <table>
    <thead>
      <tr>
        <th>
          Company
        </th>
         
        <th>
          Max Year
        </th>
         
        <th>
          Min Year
        </th>
      </tr>
    </thead>
     
    <tbody>
      <tr>
        <td>
          Microsoft
        </td>
         
        <td>
          2018
        </td>
         
        <td>
          2014
        </td>
      </tr>
    </tbody>
  </table>
</div>
`;
